Using: properties.config Specified Settings
Key: csv Is Not A Valid Key For Filtering Files
Key: downloadDir Is Not A Valid Key For Filtering Files
Key: benchmarkDir Is Not A Valid Key For Filtering Files
Key: language Is Not A Valid Key For Filtering Files
Key: projectCount Is Not A Valid Key For Filtering Files
Key: minNumStars Is Not A Valid Key For Filtering Files
Key: minActivity Is Not A Valid Key For Filtering Files
Key: minRepoLoc Is Not A Valid Key For Filtering Files
Key: maxRepoLoc Is Not A Valid Key For Filtering Files
Key: keepCompilesOnly Is Not A Valid Key For Filtering Files
Using Config Settings:
Property: debug=0
Property: maxCallFunc=99999
Property: maxFileLoC=9999
Property: maxForLoops=9999
Property: maxFunctions=99999
Property: maxIfStmt=99999
Property: maxParam=99999
Property: maxTypeArithmeticOperation=99999
Property: maxTypeCompareOperation=99999
Property: maxTypeComparisons=99999
Property: maxTypeIfStmt=99999
Property: maxTypeParameters=99999
Property: maxTypePostfix=99999
Property: maxTypePrefix=99999
Property: maxTypeUnaryOperation=99999
Property: maxTypeVariableReference=99999
Property: maxTypeVariables=99999
Property: maxWhileLoops=99999
Property: minCallFunc=0
Property: minFileLoC=5
Property: minForLoops=0
Property: minFunctions=0
Property: minIfStmt=0
Property: minParam=0
Property: minTypeArithmeticOperation=0
Property: minTypeCompareOperation=0
Property: minTypeComparisons=0
Property: minTypeIfStmt=0
Property: minTypeParameters=0
Property: minTypePostfix=0
Property: minTypePrefix=0
Property: minTypeUnaryOperation=0
Property: minTypeVariableReference=0
Property: minTypeVariables=0
Property: minWhileLoops=0
Property: useNonStdHeaders=0
For Types: 
Int
starting
Path: database
database/endianconv.c
database/fastjson.c
database/localtime.c
database/mt19937-64.c
database/redisassert.c
database/strl.c
database/superfasthash.c
Setting Up Common Options Parser
Building the Tool
Diagnostic Options
Creating Factory
Run the Tool
Running Invocation
Created Rewriter
Created FilterAction
Begin Source File Action
Created ASTConsumer
Created To Filter and Remove Vars
Remove Size: 0
Created Temp Vector
CreateASTConsumer Method ran on: /home/nat/Repos/argv-c-transformer/database/endianconv.c
Key: intrev64
Key: intrev32
Key: memrev64
Key: memrev32
Key: memrev16
Key: intrev16
Key: Program
Starting Removal
Ending Removal
Running the Verifiers
End Source File Action
0
Setting Up Common Options Parser
Building the Tool
Diagnostic Options
Creating Factory
Run the Tool
Running Invocation
Created Rewriter
Created FilterAction
Begin Source File Action
Created ASTConsumer
Created To Filter and Remove Vars
Remove Size: 0
Created Temp Vector
CreateASTConsumer Method ran on: /home/nat/Repos/argv-c-transformer/database/fastjson.c
Key: jsonExtractField
Key: Program
Key: jsonIsNumberChar
Key: jsonSkipLiteral
Key: jsonParseStringToken
Key: jsonSkipValue
Key: jsonParseValueToken
Key: jsonParseNumberToken
Key: jsonSeekField
Key: jsonSkipWhiteSpaces
Key: jsonSkipString
Key: jsonSkipBracketed
Key: jsonParseLiteralToken
Key: jsonSkipNumber
Key: jsonParseArrayToken
Starting Removal
Ending Removal
Running the Verifiers
End Source File Action
0
Setting Up Common Options Parser
Building the Tool
Diagnostic Options
Creating Factory
Run the Tool
Running Invocation
Created Rewriter
Created FilterAction
Begin Source File Action
Created ASTConsumer
Created To Filter and Remove Vars
Remove Size: 0
Created Temp Vector
CreateASTConsumer Method ran on: /home/nat/Repos/argv-c-transformer/database/localtime.c
Key: nolocks_localtime
Key: is_leap_year
Key: Program
Starting Removal
Ending Removal
Running the Verifiers
End Source File Action
0
Setting Up Common Options Parser
Building the Tool
Diagnostic Options
Creating Factory
Run the Tool
Running Invocation
Created Rewriter
Created FilterAction
Begin Source File Action
Created ASTConsumer
Created To Filter and Remove Vars
Remove Size: 0
Created Temp Vector
CreateASTConsumer Method ran on: /home/nat/Repos/argv-c-transformer/database/mt19937-64.c
Key: genrand64_int63
Key: genrand64_int64
Key: genrand64_real3
Key: genrand64_real1
Key: init_by_array64
Key: genrand64_real2
Key: init_genrand64
Key: Program
Starting Removal
Ending Removal
Running the Verifiers
End Source File Action
0
Setting Up Common Options Parser
Building the Tool
Diagnostic Options
Creating Factory
Run the Tool
Running Invocation
Created Rewriter
Created FilterAction
Begin Source File Action
Created ASTConsumer
Created To Filter and Remove Vars
Remove Size: 0
Created Temp Vector
CreateASTConsumer Method ran on: /home/nat/Repos/argv-c-transformer/database/redisassert.c
Key: _serverPanic
Key: _serverAssert
Key: Program
Starting Removal
Ending Removal
Running the Verifiers
End Source File Action
0
Setting Up Common Options Parser
Building the Tool
Diagnostic Options
Creating Factory
Run the Tool
Running Invocation
Created Rewriter
Created FilterAction
Begin Source File Action
Created ASTConsumer
Created To Filter and Remove Vars
Remove Size: 0
Created Temp Vector
CreateASTConsumer Method ran on: /home/nat/Repos/argv-c-transformer/database/strl.c
Key: redis_strlcat
Key: redis_strlcpy
Key: Program
Starting Removal
Ending Removal
Running the Verifiers
End Source File Action
0
Setting Up Common Options Parser
Building the Tool
Diagnostic Options
Creating Factory
Run the Tool
Running Invocation
Created Rewriter
Created FilterAction
Begin Source File Action
Created ASTConsumer
Created To Filter and Remove Vars
Remove Size: 0
Created Temp Vector
CreateASTConsumer Method ran on: /home/nat/Repos/argv-c-transformer/database/superfasthash.c
Key: SuperFastHash
Key: Program
Starting Removal
Ending Removal
Running the Verifiers
End Source File Action
0
