Using: properties.config Specified Settings
Transforming: filteredFiles/samples/Tester/68-longjmp_51-worries_true.c
Creating resources for Transformation
Setting Comp Options
Setting Up Common Options Parser
Building the Tool
Diagnostic Options
Factory
Run the Tool
[1/2] Processing file /home/nat/Repos/argv-c-transformer/benchmarks/samples/Tester/68-longjmp_51-worries_true.c.
1 warning and 1 error generated.
Error while processing /home/nat/Repos/argv-c-transformer/benchmarks/samples/Tester/68-longjmp_51-worries_true.c.
[2/2] Processing file /home/nat/Repos/argv-c-transformer/verifier.c.
1 warning and 1 error generated.
Error while processing /home/nat/Repos/argv-c-transformer/verifier.c.
Transforming: filteredFiles/samples/Tester/ac3enc_template.c
Creating resources for Transformation
Setting Comp Options
Setting Up Common Options Parser
Building the Tool
Diagnostic Options
Factory
Run the Tool
[1/2] Processing file /home/nat/Repos/argv-c-transformer/benchmarks/samples/Tester/ac3enc_template.c.
20 errors generated.
Error while processing /home/nat/Repos/argv-c-transformer/benchmarks/samples/Tester/ac3enc_template.c.
[2/2] Processing file /home/nat/Repos/argv-c-transformer/verifier.c.
20 errors generated.
Error while processing /home/nat/Repos/argv-c-transformer/verifier.c.
Transforming: filteredFiles/samples/Tester/counts.c
Creating resources for Transformation
Setting Comp Options
Setting Up Common Options Parser
Building the Tool
Diagnostic Options
Factory
Run the Tool
[1/2] Processing file /home/nat/Repos/argv-c-transformer/benchmarks/samples/Tester/counts.c.
[2/2] Processing file /home/nat/Repos/argv-c-transformer/verifier.c.
Transforming: filteredFiles/samples/Tester/counts2.c
Creating resources for Transformation
Setting Comp Options
Setting Up Common Options Parser
Building the Tool
Diagnostic Options
Factory
Run the Tool
[1/2] Processing file /home/nat/Repos/argv-c-transformer/benchmarks/samples/Tester/counts2.c.
1 error generated.
Error while processing /home/nat/Repos/argv-c-transformer/benchmarks/samples/Tester/counts2.c.
[2/2] Processing file /home/nat/Repos/argv-c-transformer/verifier.c.
1 error generated.
Error while processing /home/nat/Repos/argv-c-transformer/verifier.c.
Transforming: filteredFiles/samples/Tester/counts3.c
Creating resources for Transformation
Setting Comp Options
Setting Up Common Options Parser
Building the Tool
Diagnostic Options
Factory
Run the Tool
[1/2] Processing file /home/nat/Repos/argv-c-transformer/benchmarks/samples/Tester/counts3.c.
4 warnings generated.
[2/2] Processing file /home/nat/Repos/argv-c-transformer/verifier.c.
4 warnings generated.
Transforming: filteredFiles/samples/Tester/full.c
Creating resources for Transformation
Setting Comp Options
Setting Up Common Options Parser
Building the Tool
Diagnostic Options
Factory
Run the Tool
[1/2] Processing file /home/nat/Repos/argv-c-transformer/benchmarks/samples/Tester/full.c.
3 warnings generated.
[2/2] Processing file /home/nat/Repos/argv-c-transformer/verifier.c.
3 warnings generated.
Transforming: filteredFiles/samples/Tester/headerExample/hasHeader.c
Creating resources for Transformation
Setting Comp Options
Setting Up Common Options Parser
Building the Tool
Diagnostic Options
Factory
Run the Tool
Running Invocation
Begin Source File Action
CreateASTConsumer Method is about to run on: /home/nat/Repos/argv-c-transformer/filteredFiles/samples/Tester/68-longjmp_51-worries_true.c
CreateASTConsumer Method ran on: /home/nat/Repos/argv-c-transformer/filteredFiles/samples/Tester/68-longjmp_51-worries_true.c
Ran the Includes
Running the ReplaceDeadCalls
Ran the ReplaceDeadCalls
Running the Verifiers
Looking for Main Function
FOUND __VERIFIER_nondet_int!!
FOUND __VERIFIER_nondet_void!!
FOUND __VERIFIER_assert!!
Calls to Make: 2
Args Size: 0
Args Size: 1
Building Main
Parameters size: 1
End Source File Action
0
Running Invocation
Begin Source File Action
CreateASTConsumer Method is about to run on: /home/nat/Repos/argv-c-transformer/filteredFiles/samples/Tester/ac3enc_template.c
CreateASTConsumer Method ran on: /home/nat/Repos/argv-c-transformer/filteredFiles/samples/Tester/ac3enc_template.c
Ran the Includes
Running the ReplaceDeadCalls
__VERIFIER__non_det_int() - The String for Replace Dead Calls Visitor
Inserted the text
__VERIFIER__non_det_int() - The String for Replace Dead Calls Visitor
Inserted the text
__VERIFIER__non_det_int() - The String for Replace Dead Calls Visitor
Inserted the text
__VERIFIER__non_det_int() - The String for Replace Dead Calls Visitor
Inserted the text
__VERIFIER__non_det_int() - The String for Replace Dead Calls Visitor
Inserted the text
__VERIFIER__non_det_int() - The String for Replace Dead Calls Visitor
Inserted the text
Ran the ReplaceDeadCalls
Running the Verifiers
/*
 * Calculate coupling channel and coupling coordinates.
 */
int
extern int __VERIFIER_nondet_int(void) - The String
Inserted the text
Ran the Verifiers
Looking for Main Function
FOUND apply_channel_coupling!!
FOUND memset!!
FOUND __VERIFIER_nondet_int!!
Calls to Make: 1
Building Main
Parameters size: 1
End Source File Action
0
Running Invocation
Begin Source File Action
CreateASTConsumer Method is about to run on: /home/nat/Repos/argv-c-transformer/filteredFiles/samples/Tester/counts.c
CreateASTConsumer Method ran on: /home/nat/Repos/argv-c-transformer/filteredFiles/samples/Tester/counts.c
Ran the Includes
Running the ReplaceDeadCalls
Ran the ReplaceDeadCalls
Running the Verifiers
Looking for Main Function
FOUND MAIN!!
Calls to Make: 0
End Source File Action
0
Running Invocation
Begin Source File Action
CreateASTConsumer Method is about to run on: /home/nat/Repos/argv-c-transformer/filteredFiles/samples/Tester/counts2.c
CreateASTConsumer Method ran on: /home/nat/Repos/argv-c-transformer/filteredFiles/samples/Tester/counts2.c
Ran the Includes
Running the ReplaceDeadCalls
Ran the ReplaceDeadCalls
Running the Verifiers
Looking for Main Function
FOUND MAIN!!
FOUND printf!!
Calls to Make: 0
End Source File Action
0
Running Invocation
Begin Source File Action
CreateASTConsumer Method is about to run on: /home/nat/Repos/argv-c-transformer/filteredFiles/samples/Tester/counts3.c
CreateASTConsumer Method ran on: /home/nat/Repos/argv-c-transformer/filteredFiles/samples/Tester/counts3.c
Ran the Includes
Running the ReplaceDeadCalls
Ran the ReplaceDeadCalls
Running the Verifiers
Looking for Main Function
FOUND __VERIFIER_nondet_int!!
FOUND doesThing!!
FOUND MAIN!!
Calls to Make: 0
End Source File Action
0
Running Invocation
Begin Source File Action
CreateASTConsumer Method is about to run on: /home/nat/Repos/argv-c-transformer/filteredFiles/samples/Tester/full.c
CreateASTConsumer Method ran on: /home/nat/Repos/argv-c-transformer/filteredFiles/samples/Tester/full.c
Ran the Includes
Running the ReplaceDeadCalls
Ran the ReplaceDeadCalls
Running the Verifiers
Looking for Main Function
FOUND __VERIFIER_nondet_pointer!!
FOUND __VERIFIER_nondet_int!!
FOUND __VERIFIER_nondet_bool!!
FOUND doesThing!!
FOUND MAIN!!
Calls to Make: 0
End Source File Action
0
Running Invocation
Begin Source File Action
CreateASTConsumer Method is about to run on: /home/nat/Repos/argv-c-transformer/filteredFiles/samples/Tester/headerExample/hasHeader.c
CreateASTConsumer Method ran on: /home/nat/Repos/argv-c-transformer/filteredFiles/samples/Tester/headerExample/hasHeade